c:\users\gokhanakk\documents\visual studio 2022\projects\e_bike_simulator\threadx\ports\win32\vs_2019\example_build\battery_simulator\debug\vc143.pdb
c:\users\gokhanakk\documents\visual studio 2022\projects\e_bike_simulator\threadx\ports\win32\vs_2019\example_build\battery_simulator\debug\her2_rtc_drv_test.obj
c:\users\gokhanakk\documents\visual studio 2022\projects\e_bike_simulator\threadx\ports\win32\vs_2019\example_build\battery_simulator\debug\her2_rtc_drv.obj
c:\users\gokhanakk\documents\visual studio 2022\projects\e_bike_simulator\threadx\ports\win32\vs_2019\example_build\battery_simulator\debug\her2_mx25_spi_fw_test.obj
c:\users\gokhanakk\documents\visual studio 2022\projects\e_bike_simulator\threadx\ports\win32\vs_2019\example_build\battery_simulator\debug\her2_mx25_spi_fw.obj
c:\users\gokhanakk\documents\visual studio 2022\projects\e_bike_simulator\threadx\ports\win32\vs_2019\example_build\battery_simulator\debug\her2_irq_drv_test.obj
c:\users\gokhanakk\documents\visual studio 2022\projects\e_bike_simulator\threadx\ports\win32\vs_2019\example_build\battery_simulator\debug\her2_irq_drv.obj
c:\users\gokhanakk\documents\visual studio 2022\projects\e_bike_simulator\threadx\ports\win32\vs_2019\example_build\battery_simulator\debug\her2_io_drv_test.obj
c:\users\gokhanakk\documents\visual studio 2022\projects\e_bike_simulator\threadx\ports\win32\vs_2019\example_build\battery_simulator\debug\her2_io_drv.obj
c:\users\gokhanakk\documents\visual studio 2022\projects\e_bike_simulator\threadx\ports\win32\vs_2019\example_build\battery_simulator\debug\her2_gpt_drv_test.obj
c:\users\gokhanakk\documents\visual studio 2022\projects\e_bike_simulator\threadx\ports\win32\vs_2019\example_build\battery_simulator\debug\her2_gpt_drv.obj
c:\users\gokhanakk\documents\visual studio 2022\projects\e_bike_simulator\threadx\ports\win32\vs_2019\example_build\battery_simulator\debug\her2_flash_drv_test.obj
c:\users\gokhanakk\documents\visual studio 2022\projects\e_bike_simulator\threadx\ports\win32\vs_2019\example_build\battery_simulator\debug\her2_flash_drv.obj
c:\users\gokhanakk\documents\visual studio 2022\projects\e_bike_simulator\threadx\ports\win32\vs_2019\example_build\battery_simulator\debug\her2_can_drv_test.obj
c:\users\gokhanakk\documents\visual studio 2022\projects\e_bike_simulator\threadx\ports\win32\vs_2019\example_build\battery_simulator\debug\her2_can_drv.obj
c:\users\gokhanakk\documents\visual studio 2022\projects\e_bike_simulator\threadx\ports\win32\vs_2019\example_build\battery_simulator\debug\her2_adc_fw_test.obj
c:\users\gokhanakk\documents\visual studio 2022\projects\e_bike_simulator\threadx\ports\win32\vs_2019\example_build\battery_simulator\debug\data_handler.obj
c:\users\gokhanakk\documents\visual studio 2022\projects\e_bike_simulator\threadx\ports\win32\vs_2019\example_build\battery_simulator\debug\cjson.obj
c:\users\gokhanakk\documents\visual studio 2022\projects\e_bike_simulator\threadx\ports\win32\vs_2019\example_build\battery_simulator\debug\her2_adc_fw.obj
c:\users\gokhanakk\documents\visual studio 2022\projects\e_bike_simulator\threadx\ports\win32\vs_2019\example_build\battery_simulator\debug\driver_test_app.obj
c:\users\gokhanakk\documents\visual studio 2022\projects\e_bike_simulator\threadx\ports\win32\vs_2019\example_build\battery_simulator\debug\data_distributor.obj
c:\users\gokhanakk\documents\visual studio 2022\projects\e_bike_simulator\threadx\ports\win32\vs_2019\example_build\battery_simulator\debug\pipe_connection.obj
c:\users\gokhanakk\documents\visual studio 2022\projects\e_bike_simulator\threadx\ports\win32\vs_2019\example_build\battery_simulator\debug\brain_thread.obj
c:\users\gokhanakk\documents\visual studio 2022\projects\e_bike_simulator\threadx\ports\win32\vs_2019\example_build\battery_simulator\debug\json.obj
c:\users\gokhanakk\documents\visual studio 2022\projects\e_bike_simulator\threadx\ports\win32\vs_2019\example_build\battery_simulator\debug\jsn_utils.obj
c:\users\gokhanakk\documents\visual studio 2022\projects\e_bike_simulator\threadx\ports\win32\vs_2019\example_build\battery_simulator\debug\jsn_threadx_utils.obj
c:\users\gokhanakk\documents\visual studio 2022\projects\e_bike_simulator\threadx\ports\win32\vs_2019\example_build\battery_simulator\debug\jsn_ring_buffer.obj
c:\users\gokhanakk\documents\visual studio 2022\projects\e_bike_simulator\threadx\ports\win32\vs_2019\example_build\battery_simulator\debug\jsn_monitor_log.obj
c:\users\gokhanakk\documents\visual studio 2022\projects\e_bike_simulator\threadx\ports\win32\vs_2019\example_build\battery_simulator\debug\jsn_log.obj
c:\users\gokhanakk\documents\visual studio 2022\projects\e_bike_simulator\threadx\ports\win32\vs_2019\example_build\battery_simulator\debug\jsn_flash_log.obj
c:\users\gokhanakk\documents\visual studio 2022\projects\e_bike_simulator\threadx\ports\win32\vs_2019\example_build\battery_simulator\debug\jsn_event_pubsub.obj
c:\users\gokhanakk\documents\visual studio 2022\projects\e_bike_simulator\threadx\ports\win32\vs_2019\example_build\battery_simulator\debug\jsn_event_pub3.obj
c:\users\gokhanakk\documents\visual studio 2022\projects\e_bike_simulator\threadx\ports\win32\vs_2019\example_build\battery_simulator\debug\jsn_event_pub2.obj
c:\users\gokhanakk\documents\visual studio 2022\projects\e_bike_simulator\threadx\ports\win32\vs_2019\example_build\battery_simulator\debug\jsn_dbc.obj
c:\users\gokhanakk\documents\visual studio 2022\projects\e_bike_simulator\threadx\ports\win32\vs_2019\example_build\battery_simulator\debug\jsn_crc.obj
c:\users\gokhanakk\documents\visual studio 2022\projects\e_bike_simulator\threadx\ports\win32\vs_2019\example_build\battery_simulator\debug\jsn_bq78350r1.obj
c:\users\gokhanakk\documents\visual studio 2022\projects\e_bike_simulator\threadx\ports\win32\vs_2019\example_build\battery_simulator\debug\jsn_bq32000.obj
c:\users\gokhanakk\documents\visual studio 2022\projects\e_bike_simulator\threadx\ports\win32\vs_2019\example_build\battery_simulator\debug\jsn_aes.obj
c:\users\gokhanakk\documents\visual studio 2022\projects\e_bike_simulator\threadx\ports\win32\vs_2019\example_build\battery_simulator\debug\battery_simulator.exe
c:\users\gokhanakk\documents\visual studio 2022\projects\e_bike_simulator\threadx\ports\win32\vs_2019\example_build\battery_simulator\debug\battery_simulator.pdb
c:\users\gokhanakk\documents\visual studio 2022\projects\e_bike_simulator\threadx\ports\win32\vs_2019\example_build\battery_simulator\debug\battery_simulator.lib
c:\users\gokhanakk\documents\visual studio 2022\projects\e_bike_simulator\threadx\ports\win32\vs_2019\example_build\battery_simulator\debug\battery_simulator.exp
c:\users\gokhanakk\documents\visual studio 2022\projects\e_bike_simulator\threadx\ports\win32\vs_2019\example_build\battery_simulator\debug\battery_.7342deef.tlog\cl.command.1.tlog
c:\users\gokhanakk\documents\visual studio 2022\projects\e_bike_simulator\threadx\ports\win32\vs_2019\example_build\battery_simulator\debug\battery_.7342deef.tlog\cl.items.tlog
c:\users\gokhanakk\documents\visual studio 2022\projects\e_bike_simulator\threadx\ports\win32\vs_2019\example_build\battery_simulator\debug\battery_.7342deef.tlog\cl.read.1.tlog
c:\users\gokhanakk\documents\visual studio 2022\projects\e_bike_simulator\threadx\ports\win32\vs_2019\example_build\battery_simulator\debug\battery_.7342deef.tlog\cl.write.1.tlog
c:\users\gokhanakk\documents\visual studio 2022\projects\e_bike_simulator\threadx\ports\win32\vs_2019\example_build\battery_simulator\debug\battery_.7342deef.tlog\link.command.1.tlog
c:\users\gokhanakk\documents\visual studio 2022\projects\e_bike_simulator\threadx\ports\win32\vs_2019\example_build\battery_simulator\debug\battery_.7342deef.tlog\link.read.1.tlog
c:\users\gokhanakk\documents\visual studio 2022\projects\e_bike_simulator\threadx\ports\win32\vs_2019\example_build\battery_simulator\debug\battery_.7342deef.tlog\link.secondary.1.tlog
c:\users\gokhanakk\documents\visual studio 2022\projects\e_bike_simulator\threadx\ports\win32\vs_2019\example_build\battery_simulator\debug\battery_.7342deef.tlog\link.write.1.tlog
