c:\users\gokhanakk\documents\visual studio 2022\projects\e_bike_simulator\threadx\ports\win32\vs_2019\example_build\tx\debug\txe_byte_allocate.obj
c:\users\gokhanakk\documents\visual studio 2022\projects\e_bike_simulator\threadx\ports\win32\vs_2019\example_build\tx\debug\txe_event_flags_info_get.obj
c:\users\gokhanakk\documents\visual studio 2022\projects\e_bike_simulator\threadx\ports\win32\vs_2019\example_build\tx\debug\txe_mutex_prioritize.obj
c:\users\gokhanakk\documents\visual studio 2022\projects\e_bike_simulator\threadx\ports\win32\vs_2019\example_build\tx\debug\txe_queue_info_get.obj
c:\users\gokhanakk\documents\visual studio 2022\projects\e_bike_simulator\threadx\ports\win32\vs_2019\example_build\tx\debug\txe_semaphore_get.obj
c:\users\gokhanakk\documents\visual studio 2022\projects\e_bike_simulator\threadx\ports\win32\vs_2019\example_build\tx\debug\txe_thread_priority_change.obj
c:\users\gokhanakk\documents\visual studio 2022\projects\e_bike_simulator\threadx\ports\win32\vs_2019\example_build\tx\debug\txe_timer_activate.obj
c:\users\gokhanakk\documents\visual studio 2022\projects\e_bike_simulator\threadx\ports\win32\vs_2019\example_build\tx\debug\tx_block_pool_create.obj
c:\users\gokhanakk\documents\visual studio 2022\projects\e_bike_simulator\threadx\ports\win32\vs_2019\example_build\tx\debug\tx_block_release.obj
c:\users\gokhanakk\documents\visual studio 2022\projects\e_bike_simulator\threadx\ports\win32\vs_2019\example_build\tx\debug\tx_byte_pool_performance_info_get.obj
c:\users\gokhanakk\documents\visual studio 2022\projects\e_bike_simulator\threadx\ports\win32\vs_2019\example_build\tx\debug\tx_event_flags_initialize.obj
c:\users\gokhanakk\documents\visual studio 2022\projects\e_bike_simulator\threadx\ports\win32\vs_2019\example_build\tx\debug\tx_misra.obj
c:\users\gokhanakk\documents\visual studio 2022\projects\e_bike_simulator\threadx\ports\win32\vs_2019\example_build\tx\debug\tx_mutex_performance_system_info_get.obj
c:\users\gokhanakk\documents\visual studio 2022\projects\e_bike_simulator\threadx\ports\win32\vs_2019\example_build\tx\debug\tx_queue_front_send.obj
c:\users\gokhanakk\documents\visual studio 2022\projects\e_bike_simulator\threadx\ports\win32\vs_2019\example_build\tx\debug\tx_queue_send_notify.obj
c:\users\gokhanakk\documents\visual studio 2022\projects\e_bike_simulator\threadx\ports\win32\vs_2019\example_build\tx\debug\tx_semaphore_initialize.obj
c:\users\gokhanakk\documents\visual studio 2022\projects\e_bike_simulator\threadx\ports\win32\vs_2019\example_build\tx\debug\tx_thread_entry_exit_notify.obj
c:\users\gokhanakk\documents\visual studio 2022\projects\e_bike_simulator\threadx\ports\win32\vs_2019\example_build\tx\debug\tx_thread_relinquish.obj
c:\users\gokhanakk\documents\visual studio 2022\projects\e_bike_simulator\threadx\ports\win32\vs_2019\example_build\tx\debug\tx_thread_suspend.obj
c:\users\gokhanakk\documents\visual studio 2022\projects\e_bike_simulator\threadx\ports\win32\vs_2019\example_build\tx\debug\tx_thread_time_slice_change.obj
c:\users\gokhanakk\documents\visual studio 2022\projects\e_bike_simulator\threadx\ports\win32\vs_2019\example_build\tx\debug\tx_timer_info_get.obj
c:\users\gokhanakk\documents\visual studio 2022\projects\e_bike_simulator\threadx\ports\win32\vs_2019\example_build\tx\debug\tx_time_set.obj
c:\users\gokhanakk\documents\visual studio 2022\projects\e_bike_simulator\threadx\ports\win32\vs_2019\example_build\tx\debug\tx_trace_isr_enter_insert.obj
c:\users\gokhanakk\documents\visual studio 2022\projects\e_bike_simulator\threadx\ports\win32\vs_2019\example_build\tx\debug\tx_thread_context_save.obj
c:\users\gokhanakk\documents\visual studio 2022\projects\e_bike_simulator\threadx\ports\win32\vs_2019\example_build\tx\debug\txe_block_release.obj
c:\users\gokhanakk\documents\visual studio 2022\projects\e_bike_simulator\threadx\ports\win32\vs_2019\example_build\tx\debug\txe_byte_pool_prioritize.obj
c:\users\gokhanakk\documents\visual studio 2022\projects\e_bike_simulator\threadx\ports\win32\vs_2019\example_build\tx\debug\txe_mutex_create.obj
c:\users\gokhanakk\documents\visual studio 2022\projects\e_bike_simulator\threadx\ports\win32\vs_2019\example_build\tx\debug\txe_queue_front_send.obj
c:\users\gokhanakk\documents\visual studio 2022\projects\e_bike_simulator\threadx\ports\win32\vs_2019\example_build\tx\debug\txe_semaphore_delete.obj
c:\users\gokhanakk\documents\visual studio 2022\projects\e_bike_simulator\threadx\ports\win32\vs_2019\example_build\tx\debug\txe_thread_entry_exit_notify.obj
c:\users\gokhanakk\documents\visual studio 2022\projects\e_bike_simulator\threadx\ports\win32\vs_2019\example_build\tx\debug\txe_thread_terminate.obj
c:\users\gokhanakk\documents\visual studio 2022\projects\e_bike_simulator\threadx\ports\win32\vs_2019\example_build\tx\debug\txe_timer_deactivate.obj
c:\users\gokhanakk\documents\visual studio 2022\projects\e_bike_simulator\threadx\ports\win32\vs_2019\example_build\tx\debug\tx_block_pool_info_get.obj
c:\users\gokhanakk\documents\visual studio 2022\projects\e_bike_simulator\threadx\ports\win32\vs_2019\example_build\tx\debug\tx_byte_pool_create.obj
c:\users\gokhanakk\documents\visual studio 2022\projects\e_bike_simulator\threadx\ports\win32\vs_2019\example_build\tx\debug\tx_byte_release.obj
c:\users\gokhanakk\documents\visual studio 2022\projects\e_bike_simulator\threadx\ports\win32\vs_2019\example_build\tx\debug\tx_event_flags_performance_system_info_get.obj
c:\users\gokhanakk\documents\visual studio 2022\projects\e_bike_simulator\threadx\ports\win32\vs_2019\example_build\tx\debug\tx_mutex_cleanup.obj
c:\users\gokhanakk\documents\visual studio 2022\projects\e_bike_simulator\threadx\ports\win32\vs_2019\example_build\tx\debug\tx_mutex_prioritize.obj
c:\users\gokhanakk\documents\visual studio 2022\projects\e_bike_simulator\threadx\ports\win32\vs_2019\example_build\tx\debug\tx_queue_info_get.obj
c:\users\gokhanakk\documents\visual studio 2022\projects\e_bike_simulator\threadx\ports\win32\vs_2019\example_build\tx\debug\tx_semaphore_cleanup.obj
c:\users\gokhanakk\documents\visual studio 2022\projects\e_bike_simulator\threadx\ports\win32\vs_2019\example_build\tx\debug\tx_semaphore_performance_system_info_get.obj
c:\users\gokhanakk\documents\visual studio 2022\projects\e_bike_simulator\threadx\ports\win32\vs_2019\example_build\tx\debug\tx_thread_info_get.obj
c:\users\gokhanakk\documents\visual studio 2022\projects\e_bike_simulator\threadx\ports\win32\vs_2019\example_build\tx\debug\tx_thread_resume.obj
c:\users\gokhanakk\documents\visual studio 2022\projects\e_bike_simulator\threadx\ports\win32\vs_2019\example_build\tx\debug\tx_thread_system_suspend.obj
c:\users\gokhanakk\documents\visual studio 2022\projects\e_bike_simulator\threadx\ports\win32\vs_2019\example_build\tx\debug\tx_timer_create.obj
c:\users\gokhanakk\documents\visual studio 2022\projects\e_bike_simulator\threadx\ports\win32\vs_2019\example_build\tx\debug\tx_timer_system_deactivate.obj
c:\users\gokhanakk\documents\visual studio 2022\projects\e_bike_simulator\threadx\ports\win32\vs_2019\example_build\tx\debug\tx_trace_event_filter.obj
c:\users\gokhanakk\documents\visual studio 2022\projects\e_bike_simulator\threadx\ports\win32\vs_2019\example_build\tx\debug\tx_initialize_low_level.obj
c:\users\gokhanakk\documents\visual studio 2022\projects\e_bike_simulator\threadx\ports\win32\vs_2019\example_build\tx\debug\txe_block_pool_info_get.obj
c:\users\gokhanakk\documents\visual studio 2022\projects\e_bike_simulator\threadx\ports\win32\vs_2019\example_build\tx\debug\txe_byte_pool_delete.obj
c:\users\gokhanakk\documents\visual studio 2022\projects\e_bike_simulator\threadx\ports\win32\vs_2019\example_build\tx\debug\txe_event_flags_set_notify.obj
c:\users\gokhanakk\documents\visual studio 2022\projects\e_bike_simulator\threadx\ports\win32\vs_2019\example_build\tx\debug\txe_queue_delete.obj
c:\users\gokhanakk\documents\visual studio 2022\projects\e_bike_simulator\threadx\ports\win32\vs_2019\example_build\tx\debug\txe_semaphore_ceiling_put.obj
c:\users\gokhanakk\documents\visual studio 2022\projects\e_bike_simulator\threadx\ports\win32\vs_2019\example_build\tx\debug\txe_thread_delete.obj
c:\users\gokhanakk\documents\visual studio 2022\projects\e_bike_simulator\threadx\ports\win32\vs_2019\example_build\tx\debug\txe_thread_resume.obj
c:\users\gokhanakk\documents\visual studio 2022\projects\e_bike_simulator\threadx\ports\win32\vs_2019\example_build\tx\debug\txe_timer_info_get.obj
c:\users\gokhanakk\documents\visual studio 2022\projects\e_bike_simulator\threadx\ports\win32\vs_2019\example_build\tx\debug\tx_block_pool_performance_system_info_get.obj
c:\users\gokhanakk\documents\visual studio 2022\projects\e_bike_simulator\threadx\ports\win32\vs_2019\example_build\tx\debug\tx_byte_pool_initialize.obj
c:\users\gokhanakk\documents\visual studio 2022\projects\e_bike_simulator\threadx\ports\win32\vs_2019\example_build\tx\debug\tx_event_flags_delete.obj
c:\users\gokhanakk\documents\visual studio 2022\projects\e_bike_simulator\threadx\ports\win32\vs_2019\example_build\tx\debug\tx_initialize_high_level.obj
c:\users\gokhanakk\documents\visual studio 2022\projects\e_bike_simulator\threadx\ports\win32\vs_2019\example_build\tx\debug\tx_mutex_get.obj
c:\users\gokhanakk\documents\visual studio 2022\projects\e_bike_simulator\threadx\ports\win32\vs_2019\example_build\tx\debug\tx_queue_create.obj
c:\users\gokhanakk\documents\visual studio 2022\projects\e_bike_simulator\threadx\ports\win32\vs_2019\example_build\tx\debug\tx_queue_prioritize.obj
c:\users\gokhanakk\documents\visual studio 2022\projects\e_bike_simulator\threadx\ports\win32\vs_2019\example_build\tx\debug\tx_semaphore_get.obj
c:\users\gokhanakk\documents\visual studio 2022\projects\e_bike_simulator\threadx\ports\win32\vs_2019\example_build\tx\debug\tx_semaphore_put.obj
c:\users\gokhanakk\documents\visual studio 2022\projects\e_bike_simulator\threadx\ports\win32\vs_2019\example_build\tx\debug\tx_thread_initialize.obj
c:\users\gokhanakk\documents\visual studio 2022\projects\e_bike_simulator\threadx\ports\win32\vs_2019\example_build\tx\debug\tx_thread_shell_entry.obj
c:\users\gokhanakk\documents\visual studio 2022\projects\e_bike_simulator\threadx\ports\win32\vs_2019\example_build\tx\debug\tx_thread_system_resume.obj
c:\users\gokhanakk\documents\visual studio 2022\projects\e_bike_simulator\threadx\ports\win32\vs_2019\example_build\tx\debug\tx_timer_change.obj
c:\users\gokhanakk\documents\visual studio 2022\projects\e_bike_simulator\threadx\ports\win32\vs_2019\example_build\tx\debug\tx_timer_performance_system_info_get.obj
c:\users\gokhanakk\documents\visual studio 2022\projects\e_bike_simulator\threadx\ports\win32\vs_2019\example_build\tx\debug\tx_trace_enable.obj
c:\users\gokhanakk\documents\visual studio 2022\projects\e_bike_simulator\threadx\ports\win32\vs_2019\example_build\tx\debug\tx_trace_object_unregister.obj
c:\users\gokhanakk\documents\visual studio 2022\projects\e_bike_simulator\threadx\ports\win32\vs_2019\example_build\tx\debug\tx_thread_system_return.obj
c:\users\gokhanakk\documents\visual studio 2022\projects\e_bike_simulator\threadx\ports\win32\vs_2019\example_build\tx\debug\txe_block_pool_create.obj
c:\users\gokhanakk\documents\visual studio 2022\projects\e_bike_simulator\threadx\ports\win32\vs_2019\example_build\tx\debug\txe_event_flags_get.obj
c:\users\gokhanakk\documents\visual studio 2022\projects\e_bike_simulator\threadx\ports\win32\vs_2019\example_build\tx\debug\txe_mutex_put.obj
c:\users\gokhanakk\documents\visual studio 2022\projects\e_bike_simulator\threadx\ports\win32\vs_2019\example_build\tx\debug\txe_queue_send.obj
c:\users\gokhanakk\documents\visual studio 2022\projects\e_bike_simulator\threadx\ports\win32\vs_2019\example_build\tx\debug\txe_semaphore_put.obj
c:\users\gokhanakk\documents\visual studio 2022\projects\e_bike_simulator\threadx\ports\win32\vs_2019\example_build\tx\debug\txe_thread_relinquish.obj
c:\users\gokhanakk\documents\visual studio 2022\projects\e_bike_simulator\threadx\ports\win32\vs_2019\example_build\tx\debug\txe_timer_change.obj
c:\users\gokhanakk\documents\visual studio 2022\projects\e_bike_simulator\threadx\ports\win32\vs_2019\example_build\tx\debug\tx_block_pool_delete.obj
c:\users\gokhanakk\documents\visual studio 2022\projects\e_bike_simulator\threadx\ports\win32\vs_2019\example_build\tx\debug\tx_byte_pool_cleanup.obj
c:\users\gokhanakk\documents\visual studio 2022\projects\e_bike_simulator\threadx\ports\win32\vs_2019\example_build\tx\debug\tx_byte_pool_search.obj
c:\users\gokhanakk\documents\visual studio 2022\projects\e_bike_simulator\threadx\ports\win32\vs_2019\example_build\tx\debug\tx_event_flags_performance_info_get.obj
c:\users\gokhanakk\documents\visual studio 2022\projects\e_bike_simulator\threadx\ports\win32\vs_2019\example_build\tx\debug\tx_mutex_create.obj
c:\users\gokhanakk\documents\visual studio 2022\projects\e_bike_simulator\threadx\ports\win32\vs_2019\example_build\tx\debug\tx_mutex_priority_change.obj
c:\users\gokhanakk\documents\visual studio 2022\projects\e_bike_simulator\threadx\ports\win32\vs_2019\example_build\tx\debug\tx_queue_initialize.obj
c:\users\gokhanakk\documents\visual studio 2022\projects\e_bike_simulator\threadx\ports\win32\vs_2019\example_build\tx\debug\tx_semaphore_ceiling_put.obj
c:\users\gokhanakk\documents\visual studio 2022\projects\e_bike_simulator\threadx\ports\win32\vs_2019\example_build\tx\debug\tx_thread_create.obj
c:\users\gokhanakk\documents\visual studio 2022\projects\e_bike_simulator\threadx\ports\win32\vs_2019\example_build\tx\debug\tx_thread_priority_change.obj
c:\users\gokhanakk\documents\visual studio 2022\projects\e_bike_simulator\threadx\ports\win32\vs_2019\example_build\tx\debug\tx_thread_stack_error_handler.obj
c:\users\gokhanakk\documents\visual studio 2022\projects\e_bike_simulator\threadx\ports\win32\vs_2019\example_build\tx\debug\tx_thread_time_slice.obj
c:\users\gokhanakk\documents\visual studio 2022\projects\e_bike_simulator\threadx\ports\win32\vs_2019\example_build\tx\debug\tx_timer_expiration_process.obj
c:\users\gokhanakk\documents\visual studio 2022\projects\e_bike_simulator\threadx\ports\win32\vs_2019\example_build\tx\debug\tx_time_get.obj
c:\users\gokhanakk\documents\visual studio 2022\projects\e_bike_simulator\threadx\ports\win32\vs_2019\example_build\tx\debug\tx_trace_interrupt_control.obj
c:\users\gokhanakk\documents\visual studio 2022\projects\e_bike_simulator\threadx\ports\win32\vs_2019\example_build\tx\debug\tx_thread_context_restore.obj
c:\users\gokhanakk\documents\visual studio 2022\projects\e_bike_simulator\threadx\ports\win32\vs_2019\example_build\tx\debug\txe_block_allocate.obj
c:\users\gokhanakk\documents\visual studio 2022\projects\e_bike_simulator\threadx\ports\win32\vs_2019\example_build\tx\debug\txe_event_flags_delete.obj
c:\users\gokhanakk\documents\visual studio 2022\projects\e_bike_simulator\threadx\ports\win32\vs_2019\example_build\tx\debug\txe_mutex_get.obj
c:\users\gokhanakk\documents\visual studio 2022\projects\e_bike_simulator\threadx\ports\win32\vs_2019\example_build\tx\debug\txe_queue_receive.obj
c:\users\gokhanakk\documents\visual studio 2022\projects\e_bike_simulator\threadx\ports\win32\vs_2019\example_build\tx\debug\txe_semaphore_info_get.obj
c:\users\gokhanakk\documents\visual studio 2022\projects\e_bike_simulator\threadx\ports\win32\vs_2019\example_build\tx\debug\txe_thread_info_get.obj
c:\users\gokhanakk\documents\visual studio 2022\projects\e_bike_simulator\threadx\ports\win32\vs_2019\example_build\tx\debug\txe_thread_time_slice_change.obj
c:\users\gokhanakk\documents\visual studio 2022\projects\e_bike_simulator\threadx\ports\win32\vs_2019\example_build\tx\debug\tx_block_pool_cleanup.obj
c:\users\gokhanakk\documents\visual studio 2022\projects\e_bike_simulator\threadx\ports\win32\vs_2019\example_build\tx\debug\tx_byte_allocate.obj
c:\users\gokhanakk\documents\visual studio 2022\projects\e_bike_simulator\threadx\ports\win32\vs_2019\example_build\tx\debug\tx_byte_pool_prioritize.obj
c:\users\gokhanakk\documents\visual studio 2022\projects\e_bike_simulator\threadx\ports\win32\vs_2019\example_build\tx\debug\tx_event_flags_get.obj
c:\users\gokhanakk\documents\visual studio 2022\projects\e_bike_simulator\threadx\ports\win32\vs_2019\example_build\tx\debug\tx_initialize_kernel_enter.obj
c:\users\gokhanakk\documents\visual studio 2022\projects\e_bike_simulator\threadx\ports\win32\vs_2019\example_build\tx\debug\tx_mutex_initialize.obj
c:\users\gokhanakk\documents\visual studio 2022\projects\e_bike_simulator\threadx\ports\win32\vs_2019\example_build\tx\debug\tx_queue_delete.obj
c:\users\gokhanakk\documents\visual studio 2022\projects\e_bike_simulator\threadx\ports\win32\vs_2019\example_build\tx\debug\tx_queue_receive.obj
c:\users\gokhanakk\documents\visual studio 2022\projects\e_bike_simulator\threadx\ports\win32\vs_2019\example_build\tx\debug\tx_semaphore_performance_info_get.obj
c:\users\gokhanakk\documents\visual studio 2022\projects\e_bike_simulator\threadx\ports\win32\vs_2019\example_build\tx\debug\tx_thread_identify.obj
c:\users\gokhanakk\documents\visual studio 2022\projects\e_bike_simulator\threadx\ports\win32\vs_2019\example_build\tx\debug\tx_thread_reset.obj
c:\users\gokhanakk\documents\visual studio 2022\projects\e_bike_simulator\threadx\ports\win32\vs_2019\example_build\tx\debug\tx_thread_system_preempt_check.obj
c:\users\gokhanakk\documents\visual studio 2022\projects\e_bike_simulator\threadx\ports\win32\vs_2019\example_build\tx\debug\tx_timer_activate.obj
c:\users\gokhanakk\documents\visual studio 2022\projects\e_bike_simulator\threadx\ports\win32\vs_2019\example_build\tx\debug\tx_timer_performance_info_get.obj
c:\users\gokhanakk\documents\visual studio 2022\projects\e_bike_simulator\threadx\ports\win32\vs_2019\example_build\tx\debug\tx_trace_disable.obj
c:\users\gokhanakk\documents\visual studio 2022\projects\e_bike_simulator\threadx\ports\win32\vs_2019\example_build\tx\debug\tx_trace_isr_exit_insert.obj
c:\users\gokhanakk\documents\visual studio 2022\projects\e_bike_simulator\threadx\ports\win32\vs_2019\example_build\tx\debug\tx_thread_schedule.obj
c:\users\gokhanakk\documents\visual studio 2022\projects\e_bike_simulator\threadx\ports\win32\vs_2019\example_build\tx\debug\txe_byte_pool_create.obj
c:\users\gokhanakk\documents\visual studio 2022\projects\e_bike_simulator\threadx\ports\win32\vs_2019\example_build\tx\debug\txe_byte_pool_info_get.obj
c:\users\gokhanakk\documents\visual studio 2022\projects\e_bike_simulator\threadx\ports\win32\vs_2019\example_build\tx\debug\txe_event_flags_set.obj
c:\users\gokhanakk\documents\visual studio 2022\projects\e_bike_simulator\threadx\ports\win32\vs_2019\example_build\tx\debug\txe_queue_create.obj
c:\users\gokhanakk\documents\visual studio 2022\projects\e_bike_simulator\threadx\ports\win32\vs_2019\example_build\tx\debug\txe_queue_send_notify.obj
c:\users\gokhanakk\documents\visual studio 2022\projects\e_bike_simulator\threadx\ports\win32\vs_2019\example_build\tx\debug\txe_semaphore_put_notify.obj
c:\users\gokhanakk\documents\visual studio 2022\projects\e_bike_simulator\threadx\ports\win32\vs_2019\example_build\tx\debug\txe_thread_suspend.obj
c:\users\gokhanakk\documents\visual studio 2022\projects\e_bike_simulator\threadx\ports\win32\vs_2019\example_build\tx\debug\txe_timer_delete.obj
c:\users\gokhanakk\documents\visual studio 2022\projects\e_bike_simulator\threadx\ports\win32\vs_2019\example_build\tx\debug\tx_block_pool_performance_info_get.obj
c:\users\gokhanakk\documents\visual studio 2022\projects\e_bike_simulator\threadx\ports\win32\vs_2019\example_build\tx\debug\tx_byte_pool_info_get.obj
c:\users\gokhanakk\documents\visual studio 2022\projects\e_bike_simulator\threadx\ports\win32\vs_2019\example_build\tx\debug\tx_event_flags_cleanup.obj
c:\users\gokhanakk\documents\visual studio 2022\projects\e_bike_simulator\threadx\ports\win32\vs_2019\example_build\tx\debug\tx_event_flags_set_notify.obj
c:\users\gokhanakk\documents\visual studio 2022\projects\e_bike_simulator\threadx\ports\win32\vs_2019\example_build\tx\debug\tx_mutex_info_get.obj
c:\users\gokhanakk\documents\visual studio 2022\projects\e_bike_simulator\threadx\ports\win32\vs_2019\example_build\tx\debug\tx_queue_cleanup.obj
c:\users\gokhanakk\documents\visual studio 2022\projects\e_bike_simulator\threadx\ports\win32\vs_2019\example_build\tx\debug\tx_queue_performance_info_get.obj
c:\users\gokhanakk\documents\visual studio 2022\projects\e_bike_simulator\threadx\ports\win32\vs_2019\example_build\tx\debug\tx_semaphore_delete.obj
c:\users\gokhanakk\documents\visual studio 2022\projects\e_bike_simulator\threadx\ports\win32\vs_2019\example_build\tx\debug\tx_semaphore_put_notify.obj
c:\users\gokhanakk\documents\visual studio 2022\projects\e_bike_simulator\threadx\ports\win32\vs_2019\example_build\tx\debug\tx_thread_performance_system_info_get.obj
c:\users\gokhanakk\documents\visual studio 2022\projects\e_bike_simulator\threadx\ports\win32\vs_2019\example_build\tx\debug\tx_thread_sleep.obj
c:\users\gokhanakk\documents\visual studio 2022\projects\e_bike_simulator\threadx\ports\win32\vs_2019\example_build\tx\debug\tx_thread_terminate.obj
c:\users\gokhanakk\documents\visual studio 2022\projects\e_bike_simulator\threadx\ports\win32\vs_2019\example_build\tx\debug\tx_timer_deactivate.obj
c:\users\gokhanakk\documents\visual studio 2022\projects\e_bike_simulator\threadx\ports\win32\vs_2019\example_build\tx\debug\tx_timer_system_activate.obj
c:\users\gokhanakk\documents\visual studio 2022\projects\e_bike_simulator\threadx\ports\win32\vs_2019\example_build\tx\debug\tx_trace_event_unfilter.obj
c:\users\gokhanakk\documents\visual studio 2022\projects\e_bike_simulator\threadx\ports\win32\vs_2019\example_build\tx\debug\tx_trace_user_event_insert.obj
c:\users\gokhanakk\documents\visual studio 2022\projects\e_bike_simulator\threadx\ports\win32\vs_2019\example_build\tx\debug\tx_timer_interrupt.obj
c:\users\gokhanakk\documents\visual studio 2022\projects\e_bike_simulator\threadx\ports\win32\vs_2019\example_build\tx\debug\txe_block_pool_delete.obj
c:\users\gokhanakk\documents\visual studio 2022\projects\e_bike_simulator\threadx\ports\win32\vs_2019\example_build\tx\debug\txe_event_flags_create.obj
c:\users\gokhanakk\documents\visual studio 2022\projects\e_bike_simulator\threadx\ports\win32\vs_2019\example_build\tx\debug\txe_mutex_info_get.obj
c:\users\gokhanakk\documents\visual studio 2022\projects\e_bike_simulator\threadx\ports\win32\vs_2019\example_build\tx\debug\txe_queue_flush.obj
c:\users\gokhanakk\documents\visual studio 2022\projects\e_bike_simulator\threadx\ports\win32\vs_2019\example_build\tx\debug\txe_semaphore_create.obj
c:\users\gokhanakk\documents\visual studio 2022\projects\e_bike_simulator\threadx\ports\win32\vs_2019\example_build\tx\debug\txe_thread_create.obj
c:\users\gokhanakk\documents\visual studio 2022\projects\e_bike_simulator\threadx\ports\win32\vs_2019\example_build\tx\debug\txe_thread_reset.obj
c:\users\gokhanakk\documents\visual studio 2022\projects\e_bike_simulator\threadx\ports\win32\vs_2019\example_build\tx\debug\txe_timer_create.obj
c:\users\gokhanakk\documents\visual studio 2022\projects\e_bike_simulator\threadx\ports\win32\vs_2019\example_build\tx\debug\tx_block_pool_initialize.obj
c:\users\gokhanakk\documents\visual studio 2022\projects\e_bike_simulator\threadx\ports\win32\vs_2019\example_build\tx\debug\tx_byte_pool_delete.obj
c:\users\gokhanakk\documents\visual studio 2022\projects\e_bike_simulator\threadx\ports\win32\vs_2019\example_build\tx\debug\tx_event_flags_create.obj
c:\users\gokhanakk\documents\visual studio 2022\projects\e_bike_simulator\threadx\ports\win32\vs_2019\example_build\tx\debug\tx_event_flags_set.obj
c:\users\gokhanakk\documents\visual studio 2022\projects\e_bike_simulator\threadx\ports\win32\vs_2019\example_build\tx\debug\tx_mutex_delete.obj
c:\users\gokhanakk\documents\visual studio 2022\projects\e_bike_simulator\threadx\ports\win32\vs_2019\example_build\tx\debug\tx_mutex_put.obj
c:\users\gokhanakk\documents\visual studio 2022\projects\e_bike_simulator\threadx\ports\win32\vs_2019\example_build\tx\debug\tx_queue_performance_system_info_get.obj
c:\users\gokhanakk\documents\visual studio 2022\projects\e_bike_simulator\threadx\ports\win32\vs_2019\example_build\tx\debug\tx_semaphore_create.obj
c:\users\gokhanakk\documents\visual studio 2022\projects\e_bike_simulator\threadx\ports\win32\vs_2019\example_build\tx\debug\tx_semaphore_prioritize.obj
c:\users\gokhanakk\documents\visual studio 2022\projects\e_bike_simulator\threadx\ports\win32\vs_2019\example_build\tx\debug\tx_thread_performance_info_get.obj
c:\users\gokhanakk\documents\visual studio 2022\projects\e_bike_simulator\threadx\ports\win32\vs_2019\example_build\tx\debug\tx_thread_stack_analyze.obj
c:\users\gokhanakk\documents\visual studio 2022\projects\e_bike_simulator\threadx\ports\win32\vs_2019\example_build\tx\debug\tx_thread_timeout.obj
c:\users\gokhanakk\documents\visual studio 2022\projects\e_bike_simulator\threadx\ports\win32\vs_2019\example_build\tx\debug\tx_timer_delete.obj
c:\users\gokhanakk\documents\visual studio 2022\projects\e_bike_simulator\threadx\ports\win32\vs_2019\example_build\tx\debug\tx_timer_thread_entry.obj
c:\users\gokhanakk\documents\visual studio 2022\projects\e_bike_simulator\threadx\ports\win32\vs_2019\example_build\tx\debug\tx_trace_initialize.obj
c:\users\gokhanakk\documents\visual studio 2022\projects\e_bike_simulator\threadx\ports\win32\vs_2019\example_build\tx\debug\tx_thread_interrupt_control.obj
c:\users\gokhanakk\documents\visual studio 2022\projects\e_bike_simulator\threadx\ports\win32\vs_2019\example_build\tx\debug\txe_block_pool_prioritize.obj
c:\users\gokhanakk\documents\visual studio 2022\projects\e_bike_simulator\threadx\ports\win32\vs_2019\example_build\tx\debug\txe_byte_release.obj
c:\users\gokhanakk\documents\visual studio 2022\projects\e_bike_simulator\threadx\ports\win32\vs_2019\example_build\tx\debug\txe_mutex_delete.obj
c:\users\gokhanakk\documents\visual studio 2022\projects\e_bike_simulator\threadx\ports\win32\vs_2019\example_build\tx\debug\txe_queue_prioritize.obj
c:\users\gokhanakk\documents\visual studio 2022\projects\e_bike_simulator\threadx\ports\win32\vs_2019\example_build\tx\debug\txe_semaphore_prioritize.obj
c:\users\gokhanakk\documents\visual studio 2022\projects\e_bike_simulator\threadx\ports\win32\vs_2019\example_build\tx\debug\txe_thread_preemption_change.obj
c:\users\gokhanakk\documents\visual studio 2022\projects\e_bike_simulator\threadx\ports\win32\vs_2019\example_build\tx\debug\txe_thread_wait_abort.obj
c:\users\gokhanakk\documents\visual studio 2022\projects\e_bike_simulator\threadx\ports\win32\vs_2019\example_build\tx\debug\tx_block_allocate.obj
c:\users\gokhanakk\documents\visual studio 2022\projects\e_bike_simulator\threadx\ports\win32\vs_2019\example_build\tx\debug\tx_block_pool_prioritize.obj
c:\users\gokhanakk\documents\visual studio 2022\projects\e_bike_simulator\threadx\ports\win32\vs_2019\example_build\tx\debug\tx_byte_pool_performance_system_info_get.obj
c:\users\gokhanakk\documents\visual studio 2022\projects\e_bike_simulator\threadx\ports\win32\vs_2019\example_build\tx\debug\tx_event_flags_info_get.obj
c:\users\gokhanakk\documents\visual studio 2022\projects\e_bike_simulator\threadx\ports\win32\vs_2019\example_build\tx\debug\tx_initialize_kernel_setup.obj
c:\users\gokhanakk\documents\visual studio 2022\projects\e_bike_simulator\threadx\ports\win32\vs_2019\example_build\tx\debug\tx_mutex_performance_info_get.obj
c:\users\gokhanakk\documents\visual studio 2022\projects\e_bike_simulator\threadx\ports\win32\vs_2019\example_build\tx\debug\tx_queue_flush.obj
c:\users\gokhanakk\documents\visual studio 2022\projects\e_bike_simulator\threadx\ports\win32\vs_2019\example_build\tx\debug\tx_queue_send.obj
c:\users\gokhanakk\documents\visual studio 2022\projects\e_bike_simulator\threadx\ports\win32\vs_2019\example_build\tx\debug\tx_semaphore_info_get.obj
c:\users\gokhanakk\documents\visual studio 2022\projects\e_bike_simulator\threadx\ports\win32\vs_2019\example_build\tx\debug\tx_thread_delete.obj
c:\users\gokhanakk\documents\visual studio 2022\projects\e_bike_simulator\threadx\ports\win32\vs_2019\example_build\tx\debug\tx_thread_preemption_change.obj
c:\users\gokhanakk\documents\visual studio 2022\projects\e_bike_simulator\threadx\ports\win32\vs_2019\example_build\tx\debug\tx_thread_stack_error_notify.obj
c:\users\gokhanakk\documents\visual studio 2022\projects\e_bike_simulator\threadx\ports\win32\vs_2019\example_build\tx\debug\tx_thread_wait_abort.obj
c:\users\gokhanakk\documents\visual studio 2022\projects\e_bike_simulator\threadx\ports\win32\vs_2019\example_build\tx\debug\tx_timer_initialize.obj
c:\users\gokhanakk\documents\visual studio 2022\projects\e_bike_simulator\threadx\ports\win32\vs_2019\example_build\tx\debug\tx_trace_buffer_full_notify.obj
c:\users\gokhanakk\documents\visual studio 2022\projects\e_bike_simulator\threadx\ports\win32\vs_2019\example_build\tx\debug\tx_trace_object_register.obj
c:\users\gokhanakk\documents\visual studio 2022\projects\e_bike_simulator\threadx\ports\win32\vs_2019\example_build\tx\debug\tx_thread_stack_build.obj
c:\users\gokhanakk\documents\visual studio 2022\projects\e_bike_simulator\threadx\ports\win32\vs_2019\example_build\tx\debug\tx.pdb
c:\users\gokhanakk\documents\visual studio 2022\projects\e_bike_simulator\threadx\ports\win32\vs_2019\example_build\tx\debug\tx.lib
c:\users\gokhanakk\documents\visual studio 2022\projects\e_bike_simulator\threadx\ports\win32\vs_2019\example_build\tx\debug\tx.tlog\cl.14776.write.1.tlog
c:\users\gokhanakk\documents\visual studio 2022\projects\e_bike_simulator\threadx\ports\win32\vs_2019\example_build\tx\debug\tx.tlog\cl.command.1.tlog
c:\users\gokhanakk\documents\visual studio 2022\projects\e_bike_simulator\threadx\ports\win32\vs_2019\example_build\tx\debug\tx.tlog\cl.items.tlog
c:\users\gokhanakk\documents\visual studio 2022\projects\e_bike_simulator\threadx\ports\win32\vs_2019\example_build\tx\debug\tx.tlog\cl.read.1.tlog
c:\users\gokhanakk\documents\visual studio 2022\projects\e_bike_simulator\threadx\ports\win32\vs_2019\example_build\tx\debug\tx.tlog\lib-link.read.1.tlog
c:\users\gokhanakk\documents\visual studio 2022\projects\e_bike_simulator\threadx\ports\win32\vs_2019\example_build\tx\debug\tx.tlog\lib-link.write.1.tlog
c:\users\gokhanakk\documents\visual studio 2022\projects\e_bike_simulator\threadx\ports\win32\vs_2019\example_build\tx\debug\tx.tlog\lib.command.1.tlog
